// Jest Snapshot v1, https://goo.gl/fbAQLP

exports[`renders 1`] = `
<div>
  <div
    class="App"
  >
    <h1>
      This is Header
    </h1>
    <div
      class="content-wrapper"
    >
      <div
        class="sidebar-wrapper"
      >
        <div
          class="sidebar"
        >
          <nav>
            <ul>
              <li>
                Commits
              </li>
              <li>
                Issues
              </li>
            </ul>
          </nav>
        </div>
      </div>
      <div
        class="content"
      >
        <div
          class="wrapper"
        >
          <h1>
            Issues
          </h1>
          <div
            class="selectFilter"
          >
            <select
              data-testid="selectFilterIssue"
            >
              <option
                disabled=""
                hidden=""
                value=""
              >
                Show All
              </option>
              <option
                value="all"
              >
                Show all
              </option>
              <option
                value="opened"
              >
                Show open
              </option>
              <option
                value="closed"
              >
                Show closed
              </option>
            </select>
          </div>
          <div
            class="issueList"
          />
        </div>
        <div
          class="commits"
        >
          <div
            class="chart"
          >
            <div
              class="recharts-responsive-container"
              style="width: 100%; height: 400px;"
            />
          </div>
          <div
            class="date-slider-wrapper"
          >
            <span
              class="MuiSlider-colorPrimary MuiSlider-sizeMedium MuiSlider-root MuiSlider-marked css-1whblal-MuiSlider-root"
            >
              <span
                class="MuiSlider-rail css-14pt78w-MuiSlider-rail"
              />
              <span
                class="MuiSlider-track css-1gv0vcd-MuiSlider-track"
              />
              <span
                class="MuiSlider-mark MuiSlider-markActive css-6cwnna-MuiSlider-mark"
                data-index="0"
              />
              <span
                aria-hidden="true"
                class="MuiSlider-markLabel MuiSlider-markLabelActive css-1eoe787-MuiSlider-markLabel"
                data-index="0"
              >
                Sep, 10
              </span>
              <span
                class="MuiSlider-mark MuiSlider-markActive css-6cwnna-MuiSlider-mark"
                data-index="1"
              />
              <span
                aria-hidden="true"
                class="MuiSlider-markLabel MuiSlider-markLabelActive css-1eoe787-MuiSlider-markLabel"
                data-index="1"
              >
                Sep, 10
              </span>
              <span
                class="MuiSlider-thumbColorPrimary MuiSlider-thumbSizeMedium MuiSlider-thumb css-eg0mwd-MuiSlider-thumb"
                data-index="0"
                style="pointer-events: none;"
              >
                <input
                  aria-orientation="horizontal"
                  aria-valuemax="0"
                  aria-valuemin="0"
                  aria-valuenow="0"
                  data-index="0"
                  max="0"
                  style="border: 0px; height: 100%; margin: -1px; overflow: hidden; padding: 0px; position: absolute; white-space: nowrap; width: 100%; direction: ltr;"
                  type="range"
                  value="0"
                />
                <span
                  aria-hidden="true"
                  class="MuiSlider-valueLabel css-1kz0hui-MuiSlider-valueLabel"
                >
                  <span
                    class="MuiSlider-valueLabelCircle"
                  >
                    <span
                      class="MuiSlider-valueLabelLabel"
                    >
                      Sep, 10
                    </span>
                  </span>
                </span>
              </span>
              <span
                class="MuiSlider-thumbColorPrimary MuiSlider-thumbSizeMedium MuiSlider-thumb css-eg0mwd-MuiSlider-thumb"
                data-index="1"
                style="pointer-events: none;"
              >
                <input
                  aria-orientation="horizontal"
                  aria-valuemax="0"
                  aria-valuemin="0"
                  aria-valuenow="0"
                  data-index="1"
                  max="0"
                  style="border: 0px; height: 100%; margin: -1px; overflow: hidden; padding: 0px; position: absolute; white-space: nowrap; width: 100%; direction: ltr;"
                  type="range"
                  value="0"
                />
                <span
                  aria-hidden="true"
                  class="MuiSlider-valueLabel css-1kz0hui-MuiSlider-valueLabel"
                >
                  <span
                    class="MuiSlider-valueLabelCircle"
                  >
                    <span
                      class="MuiSlider-valueLabelLabel"
                    >
                      Sep, 10
                    </span>
                  </span>
                </span>
              </span>
            </span>
          </div>
        </div>
      </div>
    </div>
  </div>
</div>
`;
